------------------------------------------------------------------------------------------------------------------------
      name:  step2
       log:  /Users/chrissoria/Documents/Research/1066/CADAS/do/cadas_within/logs/step2_varselect.log
  log type:  text
 opened on:  28 Dec 2025, 23:49:02

. 
. * Load data from previous step
. use "$within_path/cadas_within_data.dta", clear

. 
. display _newline(2)




. display "================================================================================"
================================================================================

. display "STEP 2: IDENTIFY VARIABLES MOST PREDICTIVE OF DEMENTIA"
STEP 2: IDENTIFY VARIABLES MOST PREDICTIVE OF DEMENTIA

. display "================================================================================"
================================================================================

. display _newline(1)



. 
. * Filter to CDR cases for analysis
. keep if cuba_CDR_binary != .
(2,799 observations deleted)

. display "Filtered to CDR cases. N = " _N
Filtered to CDR cases. N = 302

. 
. *-------------------------------------------------------------------------------
. * Define all variable lists (self-contained)
. *-------------------------------------------------------------------------------
. 
. * Individual binary items that make up "count" (24 items)
. local binary_items "pencil watch chair shoes knuckle elbow should bridge hammer pray chemist repeat town chief street 
> store address longmom month day year season nod point circle pentag"

. 
. * COGSCORE component scores (derived)
. local cogscore_components "nametot animtot wordtot1 wordtot2 papertot storytot"

. 
. * Raw cognitive scores (before transformation)
. local cog_raw "animals wordimm worddel paper story name nrecall"

. 
. * Learning trials and recall
. local learn_recall "learn1 learn2 learn3 recall"

. 
. * Refusal indicators
. local refusal_vars "story_refuse learn1_refuse learn2_refuse learn3_refuse recall_refuse"

. 
. * All cognitive variables combined
. local all_cog_vars "`binary_items' `cogscore_components' `cog_raw' `learn_recall' `refusal_vars'"

. 
. * RELSCORE component variables (informant-reported functional abilities)
. local rel_vars "activ mental memory put kept frdname famname convers wordfind wordwrg past lastsee lastday orient lost
> out lostin chores hobby money change reason feed dress toilet"

. 
. *-------------------------------------------------------------------------------
. * 2a. CORRELATION MATRIX - COGSCORE COMPONENTS
. *-------------------------------------------------------------------------------
. display _newline(1)



. display "2a. CORRELATION MATRIX - COGSCORE Components with Dementia (cuba_CDR_binary)"
2a. CORRELATION MATRIX - COGSCORE Components with Dementia (cuba_CDR_binary)

. display "--------------------------------------------------------------------------------"
--------------------------------------------------------------------------------

. 
. display _newline(1)



. display "--- Correlations: Main COGSCORE Components vs CDR ---"
--- Correlations: Main COGSCORE Components vs CDR ---

. pwcorr `cogscore_components' cuba_CDR_binary, sig star(.05)

             |  nametot  animtot wordtot1 wordtot2 papertot storytot cuba_C~y
-------------+---------------------------------------------------------------
     nametot |   1.0000 
             |
             |
     animtot |   0.1874*  1.0000 
             |   0.0011
             |
    wordtot1 |   0.1777*  0.0949   1.0000 
             |   0.0019   0.1005
             |
    wordtot2 |   0.0801   0.4148*  0.0872   1.0000 
             |   0.1653   0.0000   0.1305
             |
    papertot |   0.1130*  0.1079   0.0540   0.1389*  1.0000 
             |   0.0497   0.0616   0.3494   0.0157
             |
    storytot |   0.1192*  0.3696*  0.1121   0.4202*  0.1229*  1.0000 
             |   0.0395   0.0000   0.0528   0.0000   0.0336
             |
cuba_CDR_b~y |  -0.1116  -0.4630* -0.0189  -0.4056* -0.0999  -0.2748*  1.0000 
             |   0.0526   0.0000   0.7433   0.0000   0.0830   0.0000
             |

. 
. display _newline(1)



. display "--- Correlations: Individual Binary Items vs CDR ---"
--- Correlations: Individual Binary Items vs CDR ---

. pwcorr `binary_items' cuba_CDR_binary, sig star(.05)

             |   pencil    watch    chair    shoes  knuckle    elbow   should
-------------+---------------------------------------------------------------
      pencil |   1.0000 
             |
             |
       watch |   0.7059*  1.0000 
             |   0.0000
             |
       chair |   1.0000*  0.7059*  1.0000 
             |   0.0000   0.0000
             |
       shoes |   0.7059*  0.4966*  0.7059*  1.0000 
             |   0.0000   0.0000   0.0000
             |
     knuckle |   0.0875   0.0338   0.0863   0.0338   1.0000 
             |   0.1327   0.5590   0.1350   0.5590
             |
       elbow |   0.5754*  0.4035*  0.5754*  0.4035*  0.1502*  1.0000 
             |   0.0000   0.0000   0.0000   0.0000   0.0090
             |
      should |   0.3288*  0.2257*  0.3289*  0.2257*  0.1784*  0.1788*  1.0000 
             |   0.0000   0.0001   0.0000   0.0001   0.0019   0.0018
             |
      bridge |   0.4048*  0.2809*  0.4048*  0.2809*  0.2134*  0.2250*  0.2541*
             |   0.0000   0.0000   0.0000   0.0000   0.0002   0.0001   0.0000
             |
      hammer |   0.5754*  0.4035*  0.5754*  0.4035*  0.0055   0.3266*  0.3752*
             |   0.0000   0.0000   0.0000   0.0000   0.9241   0.0000   0.0000
             |
        pray |  -0.0048  -0.0067  -0.0047  -0.0067   0.0345  -0.0082   0.2257*
             |   0.9344   0.9078   0.9349   0.9078   0.5510   0.8873   0.0001
             |
     chemist |   1.0000*  0.7059*  1.0000*  0.7059*  0.0864   0.5754*  0.3289*
             |   0.0000   0.0000   0.0000   0.0000   0.1341   0.0000   0.0000
             |
      repeat |   0.1087   0.0526   0.1058   0.0526   0.2682*  0.1044   0.0899 
             |   0.0618   0.3643   0.0672   0.3643   0.0000   0.0705   0.1197
             |
        town |  -0.0103  -0.0144  -0.0102  -0.0144   0.1359* -0.0176   0.4273*
             |   0.8598   0.8037   0.8607   0.8037   0.0183   0.7609   0.0000
             |
       chief |   0.2163*  0.1381*  0.2108*  0.1381*  0.2406*  0.2351*  0.1818*
             |   0.0002   0.0165   0.0002   0.0165   0.0000   0.0000   0.0015
             |
      street |   0.2358*  0.3241*  0.2288*  0.1516*  0.2010*  0.1155*  0.2844*
             |   0.0000   0.0000   0.0001   0.0090   0.0005   0.0468   0.0000
             |
       store |   0.1615*  0.2252*  0.1590*  0.0996   0.2135*  0.0675   0.1791*
             |   0.0057   0.0001   0.0061   0.0871   0.0002   0.2461   0.0019
             |
     address |   0.2287*  0.3149*  0.2223*  0.1467*  0.2468*  0.2488*  0.1946*
             |   0.0001   0.0000   0.0001   0.0115   0.0000   0.0000   0.0007
             |
     longmom |   0.3114*  0.2020*  0.2964*  0.2020*  0.2149*  0.3370*  0.2778*
             |   0.0000   0.0004   0.0000   0.0004   0.0002   0.0000   0.0000
             |
       month |   0.1802*  0.1119   0.1803*  0.1119   0.2938*  0.0807   0.2734*
             |   0.0018   0.0525   0.0017   0.0525   0.0000   0.1620   0.0000
             |
         day |   0.1673*  0.1022   0.1674*  0.1045   0.2492*  0.0719   0.2507*
             |   0.0038   0.0767   0.0036   0.0703   0.0000   0.2125   0.0000
             |
        year |   0.1432*  0.0819   0.1395*  0.0819   0.3344*  0.2426*  0.2036*
             |   0.0135   0.1563   0.0154   0.1563   0.0000   0.0000   0.0004
             |
      season |   0.1617*  0.2292*  0.1645*  0.1022   0.1709*  0.1756*  0.3072*
             |   0.0052   0.0001   0.0042   0.0767   0.0029   0.0022   0.0000
             |
         nod |   0.1452*  0.0835   0.1414*  0.0835   0.1592*  0.0547   0.1515*
             |   0.0122   0.1485   0.0141   0.1485   0.0055   0.3431   0.0084
             |
       point |   0.2520*  0.1629*  0.2521*  0.1629*  0.0659   0.1253*  0.0454 
             |   0.0000   0.0047   0.0000   0.0047   0.2543   0.0297   0.4331
             |
      circle |  -0.0034  -0.0047  -0.0033  -0.0047   0.0864  -0.0058  -0.0101 
             |   0.9538   0.9350   0.9541   0.9350   0.1341   0.9204   0.8612
             |
      pentag |   0.0744   0.1036   0.0731   0.0241   0.2446*  0.0622   0.1847*
             |   0.2033   0.0741   0.2081   0.6790   0.0000   0.2834   0.0013
             |
cuba_CDR_b~y |  -0.1067  -0.1472* -0.1049  -0.0518  -0.2729* -0.1807* -0.2243*
             |   0.0664   0.0106   0.0692   0.3707   0.0000   0.0016   0.0001
             |

             |   bridge   hammer     pray  chemist   repeat     town    chief
-------------+---------------------------------------------------------------
      bridge |   1.0000 
             |
             |
      hammer |   0.2250*  1.0000 
             |   0.0001
             |
        pray |   0.2809* -0.0082   1.0000 
             |   0.0000   0.8873
             |
     chemist |   0.4048*  0.5754* -0.0047   1.0000 
             |   0.0000   0.0000   0.9350
             |
      repeat |   0.0919   0.0248   0.0535   0.1059   1.0000 
             |   0.1117   0.6677   0.3559   0.0666
             |
        town |   0.2541*  0.3751*  0.2407* -0.0101   0.0896   1.0000 
             |   0.0000   0.0000   0.0000   0.8610   0.1214
             |
       chief |   0.1477*  0.2351* -0.0218   0.2108*  0.1609*  0.3348*  1.0000 
             |   0.0102   0.0000   0.7062   0.0002   0.0051   0.0000
             |
      street |   0.3647*  0.3977*  0.1569*  0.2288*  0.1299*  0.4489*  0.3703*
             |   0.0000   0.0000   0.0068   0.0001   0.0254   0.0000   0.0000
             |
       store |   0.2444*  0.1719*  0.0996   0.1590*  0.1482*  0.3008*  0.3066*
             |   0.0000   0.0029   0.0871   0.0060   0.0107   0.0000   0.0000
             |
     address |   0.2559*  0.2488*  0.1467*  0.2223*  0.1191*  0.2747*  0.3573*
             |   0.0000   0.0000   0.0115   0.0001   0.0406   0.0000   0.0000
             |
     longmom |   0.2256*  0.1587*  0.2020*  0.2965*  0.1465*  0.1737*  0.2943*
             |   0.0001   0.0057   0.0004   0.0000   0.0109   0.0025   0.0000
             |
       month |   0.3563*  0.1940*  0.1119   0.1768*  0.2773*  0.3393*  0.4411*
             |   0.0000   0.0007   0.0525   0.0020   0.0000   0.0000   0.0000
             |
         day |   0.2544*  0.1790*  0.1045   0.1646*  0.2387*  0.3754*  0.5301*
             |   0.0000   0.0018   0.0703   0.0041   0.0000   0.0000   0.0000
             |
        year |   0.3448*  0.1479*  0.0835   0.1396*  0.2889*  0.3139*  0.4406*
             |   0.0000   0.0101   0.1485   0.0152   0.0000   0.0000   0.0000
             |
      season |   0.2496*  0.1756*  0.1000   0.1618*  0.1550*  0.2455*  0.1497*
             |   0.0000   0.0022   0.0833   0.0048   0.0071   0.0000   0.0092
             |
         nod |   0.0099   0.1503* -0.0329   0.1415*  0.2969*  0.0956   0.0749 
             |   0.8641   0.0089   0.5692   0.0139   0.0000   0.0980   0.1944
             |
       point |   0.0722   0.2744* -0.0194   0.2437*  0.1875*  0.0493   0.1676*
             |   0.2119   0.0000   0.7373   0.0000   0.0011   0.3947   0.0035
             |
      circle |  -0.0082  -0.0058  -0.0047  -0.0033  -0.0315  -0.0101  -0.0158 
             |   0.8871   0.9204   0.9350   0.9542   0.5864   0.8610   0.7851
             |
      pentag |   0.1809*  0.0622   0.0241   0.0732   0.1188*  0.1086   0.1953*
             |   0.0017   0.2834   0.6790   0.2068   0.0404   0.0612   0.0007
             |
cuba_CDR_b~y |  -0.2009* -0.1807* -0.0518  -0.1040  -0.2369* -0.2700* -0.3703*
             |   0.0004   0.0016   0.3707   0.0712   0.0000   0.0000   0.0000
             |

             |   street    store  address  longmom    month      day     year
-------------+---------------------------------------------------------------
      street |   1.0000 
             |
             |
       store |   0.5636*  1.0000 
             |   0.0000
             |
     address |   0.6256*  0.6299*  1.0000 
             |   0.0000   0.0000
             |
     longmom |   0.4732*  0.3154*  0.4587*  1.0000 
             |   0.0000   0.0000   0.0000
             |
       month |   0.4010*  0.3824*  0.3865*  0.3566*  1.0000 
             |   0.0000   0.0000   0.0000   0.0000
             |
         day |   0.3592*  0.3028*  0.3016*  0.3285*  0.5343*  1.0000 
             |   0.0000   0.0000   0.0000   0.0000   0.0000
             |
        year |   0.4639*  0.3611*  0.3678*  0.3706*  0.5662*  0.4570*  1.0000 
             |   0.0000   0.0000   0.0000   0.0000   0.0000   0.0000
             |
      season |   0.3143*  0.2695*  0.3454*  0.1544*  0.3106*  0.3118*  0.3280*
             |   0.0000   0.0000   0.0000   0.0072   0.0000   0.0000   0.0000
             |
         nod |   0.1399*  0.1214*  0.0913   0.1231*  0.1888*  0.1610*  0.1809*
             |   0.0158   0.0365   0.1162   0.0325   0.0010   0.0050   0.0016
             |
       point |   0.1978*  0.1950*  0.2518*  0.1906*  0.2740*  0.1538*  0.1572*
             |   0.0006   0.0007   0.0000   0.0009   0.0000   0.0075   0.0063
             |
      circle |  -0.0148  -0.0212  -0.0152  -0.0112  -0.0188  -0.0202  -0.0238 
             |   0.8000   0.7154   0.7943   0.8462   0.7451   0.7268   0.6803
             |
      pentag |   0.1861*  0.2419*  0.2257*  0.1782*  0.2728*  0.1764*  0.3334*
             |   0.0013   0.0000   0.0001   0.0020   0.0000   0.0022   0.0000
             |
cuba_CDR_b~y |  -0.2912* -0.3137* -0.3087* -0.1840* -0.3494* -0.4065* -0.4572*
             |   0.0000   0.0000   0.0000   0.0013   0.0000   0.0000   0.0000
             |

             |   season      nod    point   circle   pentag cuba_C~y
-------------+------------------------------------------------------
      season |   1.0000 
             |
             |
         nod |   0.1247*  1.0000 
             |   0.0303
             |
       point |   0.1064   0.2037*  1.0000 
             |   0.0651   0.0004
             |
      circle |  -0.0205   0.1415* -0.0137   1.0000 
             |   0.7223   0.0139   0.8132
             |
      pentag |   0.2486*  0.1753*  0.0698   0.0732   1.0000 
             |   0.0000   0.0023   0.2299   0.2068
             |
cuba_CDR_b~y |  -0.3460* -0.0869  -0.1149* -0.1040  -0.2617*  1.0000 
             |   0.0000   0.1317   0.0463   0.0712   0.0000
             |

. 
. display _newline(1)



. display "--- Correlations: Raw Cognitive Scores vs CDR ---"
--- Correlations: Raw Cognitive Scores vs CDR ---

. pwcorr `cog_raw' cuba_CDR_binary, sig star(.05)

             |  animals  wordimm  worddel    paper    story     name  nrecall
-------------+---------------------------------------------------------------
     animals |   1.0000 
             |
             |
     wordimm |   0.0949   1.0000 
             |   0.1005
             |
     worddel |   0.4148*  0.0872   1.0000 
             |   0.0000   0.1305
             |
       paper |   0.1079   0.0540   0.1389*  1.0000 
             |   0.0616   0.3494   0.0157
             |
       story |   0.3696*  0.1121   0.4202*  0.1229*  1.0000 
             |   0.0000   0.0528   0.0000   0.0336
             |
        name |   0.1771*  0.1596*  0.0710   0.0931   0.0836   1.0000 
             |   0.0020   0.0054   0.2183   0.1062   0.1491
             |
     nrecall |   0.3586*  0.0266   0.3298*  0.0928   0.2499*  0.1651*  1.0000 
             |   0.0000   0.6454   0.0000   0.1077   0.0000   0.0040
             |
cuba_CDR_b~y |  -0.4630* -0.0189  -0.4056* -0.0999  -0.2748* -0.0889  -0.3507*
             |   0.0000   0.7433   0.0000   0.0830   0.0000   0.1230   0.0000
             |

             | cuba_C~y
-------------+---------
cuba_CDR_b~y |   1.0000 
             |
             |

. 
. display _newline(1)



. display "--- Correlations: Learning Trials & Recall vs CDR ---"
--- Correlations: Learning Trials & Recall vs CDR ---

. pwcorr `learn_recall' cuba_CDR_binary, sig star(.05)

             |   learn1   learn2   learn3   recall cuba_C~y
-------------+---------------------------------------------
      learn1 |   1.0000 
             |
             |
      learn2 |   0.5390*  1.0000 
             |   0.0000
             |
      learn3 |   0.5270*  0.6808*  1.0000 
             |   0.0000   0.0000
             |
      recall |   0.3847*  0.5750*  0.5790*  1.0000 
             |   0.0000   0.0000   0.0000
             |
cuba_CDR_b~y |  -0.2799* -0.3414* -0.4385* -0.3199*  1.0000 
             |   0.0000   0.0000   0.0000   0.0000
             |

. 
. display _newline(1)



. display "--- Correlations: Refusal Indicators vs CDR ---"
--- Correlations: Refusal Indicators vs CDR ---

. pwcorr `refusal_vars' cuba_CDR_binary, sig star(.05)

             | story_~e learn1~e learn2~e learn3~e recall~e cuba_C~y
-------------+------------------------------------------------------
story_refuse |   1.0000 
             |
             |
learn1_ref~e |   0.5754*  1.0000 
             |   0.0000
             |
learn2_ref~e |        .        .        . 
             |        .        .
             |
learn3_ref~e |        .        .        .        . 
             |        .        .        .
             |
recall_ref~e |   0.4035*  0.7059*       .        .   1.0000 
             |   0.0000   0.0000        .        .
             |
cuba_CDR_b~y |   0.1807*  0.1040        .        .   0.1473*  1.0000 
             |   0.0016   0.0712        .        .   0.0104
             |

. 
. display _newline(1)



. display "--- Ranked Correlations with CDR (ALL cognitive variables) ---"
--- Ranked Correlations with CDR (ALL cognitive variables) ---

. display "Variable" _col(25) "Correlation"
Variable                Correlation

. display "------------------------------------------------"
------------------------------------------------

. 
. * Calculate and display correlations for each variable
. foreach var in `all_cog_vars' {
  2.     capture quietly corr `var' cuba_CDR_binary
  3.     if _rc == 0 {
  4.         di "`var'" _col(25) %8.4f r(rho)
  5.     }
  6. }
pencil                   -0.1067
watch                    -0.1472
chair                    -0.1049
shoes                    -0.0518
knuckle                  -0.2729
elbow                    -0.1807
should                   -0.2243
bridge                   -0.2009
hammer                   -0.1807
pray                     -0.0518
chemist                  -0.1040
repeat                   -0.2369
town                     -0.2700
chief                    -0.3703
street                   -0.2912
store                    -0.3137
address                  -0.3087
longmom                  -0.1840
month                    -0.3494
day                      -0.4065
year                     -0.4572
season                   -0.3460
nod                      -0.0869
point                    -0.1149
circle                   -0.1040
pentag                   -0.2617
nametot                  -0.1116
animtot                  -0.4630
wordtot1                 -0.0189
wordtot2                 -0.4056
papertot                 -0.0999
storytot                 -0.2748
animals                  -0.4630
wordimm                  -0.0189
worddel                  -0.4056
paper                    -0.0999
story                    -0.2748
name                     -0.0889
nrecall                  -0.3507
learn1                   -0.2799
learn2                   -0.3414
learn3                   -0.4385
recall                   -0.3199
story_refuse              0.1807
learn1_refuse             0.1040
learn2_refuse                  .
learn3_refuse                  .
recall_refuse             0.1473

. 
. *-------------------------------------------------------------------------------
. * 2b. CORRELATION MATRIX - RELSCORE COMPONENTS
. *-------------------------------------------------------------------------------
. display _newline(2)




. display "2b. CORRELATION MATRIX - RELSCORE Components with Dementia (cuba_CDR_binary)"
2b. CORRELATION MATRIX - RELSCORE Components with Dementia (cuba_CDR_binary)

. display "--------------------------------------------------------------------------------"
--------------------------------------------------------------------------------

. 
. display _newline(1)



. display "--- Correlations: RELSCORE Components vs CDR ---"
--- Correlations: RELSCORE Components vs CDR ---

. pwcorr `rel_vars' cuba_CDR_binary, sig star(.05)

             |    activ   mental   memory      put     kept  frdname  famname
-------------+---------------------------------------------------------------
       activ |   1.0000 
             |
             |
      mental |   0.4601*  1.0000 
             |   0.0000
             |
      memory |   0.4879*  0.6573*  1.0000 
             |   0.0000   0.0000
             |
         put |   0.2708*  0.3714*  0.4167*  1.0000 
             |   0.0000   0.0000   0.0000
             |
        kept |   0.3169*  0.4397*  0.4729*  0.5994*  1.0000 
             |   0.0000   0.0000   0.0000   0.0000
             |
     frdname |   0.2442*  0.4340*  0.4016*  0.4641*  0.5097*  1.0000 
             |   0.0000   0.0000   0.0000   0.0000   0.0000
             |
     famname |   0.3109*  0.5439*  0.4271*  0.3602*  0.4850*  0.5676*  1.0000 
             |   0.0000   0.0000   0.0000   0.0000   0.0000   0.0000
             |
     convers |   0.4161*  0.4838*  0.4826*  0.3681*  0.4922*  0.4421*  0.5173*
             |   0.0000   0.0000   0.0000   0.0000   0.0000   0.0000   0.0000
             |
    wordfind |   0.3024*  0.4467*  0.3931*  0.3386*  0.4557*  0.4376*  0.5373*
             |   0.0000   0.0000   0.0000   0.0000   0.0000   0.0000   0.0000
             |
     wordwrg |   0.2708*  0.3496*  0.3222*  0.2823*  0.3644*  0.2993*  0.4883*
             |   0.0000   0.0000   0.0000   0.0000   0.0000   0.0000   0.0000
             |
        past |   0.4484*  0.3398*  0.3843*  0.3959*  0.3347*  0.2083*  0.2855*
             |   0.0000   0.0000   0.0000   0.0000   0.0000   0.0003   0.0000
             |
     lastsee |   0.3113*  0.2996*  0.3354*  0.3253*  0.4126*  0.3888*  0.4242*
             |   0.0000   0.0000   0.0000   0.0000   0.0000   0.0000   0.0000
             |
     lastday |   0.4448*  0.6312*  0.6153*  0.4693*  0.5283*  0.5241*  0.6131*
             |   0.0000   0.0000   0.0000   0.0000   0.0000   0.0000   0.0000
             |
      orient |   0.2586*  0.4909*  0.3780*  0.2387*  0.3485*  0.3623*  0.4745*
             |   0.0000   0.0000   0.0000   0.0000   0.0000   0.0000   0.0000
             |
     lostout |   0.2241*  0.2624*  0.2639*  0.1986*  0.2269*  0.3061*  0.2778*
             |   0.0001   0.0000   0.0000   0.0005   0.0001   0.0000   0.0000
             |
      lostin |   0.1523*  0.2072*  0.1760*  0.1911*  0.2400*  0.2193*  0.2147*
             |   0.0080   0.0003   0.0021   0.0008   0.0000   0.0001   0.0002
             |
      chores |   0.4198*  0.4458*  0.4947*  0.3161*  0.3658*  0.2886*  0.2994*
             |   0.0000   0.0000   0.0000   0.0000   0.0000   0.0000   0.0000
             |
       hobby |   0.5733*  0.4525*  0.4800*  0.3621*  0.4243*  0.3260*  0.4115*
             |   0.0000   0.0000   0.0000   0.0000   0.0000   0.0000   0.0000
             |
       money |   0.3537*  0.5465*  0.5422*  0.3572*  0.4616*  0.4440*  0.5177*
             |   0.0000   0.0000   0.0000   0.0000   0.0000   0.0000   0.0000
             |
      change |   0.3850*  0.3712*  0.3774*  0.2646*  0.2826*  0.2971*  0.2804*
             |   0.0000   0.0000   0.0000   0.0000   0.0000   0.0000   0.0000
             |
      reason |   0.4135*  0.6090*  0.6846*  0.4044*  0.4832*  0.4413*  0.4815*
             |   0.0000   0.0000   0.0000   0.0000   0.0000   0.0000   0.0000
             |
        feed |   0.0845   0.2217*  0.1061   0.1806*  0.1964*  0.2308*  0.3212*
             |   0.1428   0.0001   0.0655   0.0016   0.0006   0.0001   0.0000
             |
       dress |        .        .        .        .        .        .        . 
             |        .        .        .        .        .        .        .
             |
      toilet |   0.1562*  0.2217*  0.1847*  0.1543*  0.1964*  0.2308*  0.3212*
             |   0.0065   0.0001   0.0013   0.0072   0.0006   0.0001   0.0000
             |
cuba_CDR_b~y |   0.3175*  0.4597*  0.4761*  0.3462*  0.3150*  0.3215*  0.3483*
             |   0.0000   0.0000   0.0000   0.0000   0.0000   0.0000   0.0000
             |

             |  convers wordfind  wordwrg     past  lastsee  lastday   orient
-------------+---------------------------------------------------------------
     convers |   1.0000 
             |
             |
    wordfind |   0.5092*  1.0000 
             |   0.0000
             |
     wordwrg |   0.4379*  0.8015*  1.0000 
             |   0.0000   0.0000
             |
        past |   0.3972*  0.3782*  0.3620*  1.0000 
             |   0.0000   0.0000   0.0000
             |
     lastsee |   0.3969*  0.4570*  0.3487*  0.4598*  1.0000 
             |   0.0000   0.0000   0.0000   0.0000
             |
     lastday |   0.5688*  0.6352*  0.5361*  0.4879*  0.5778*  1.0000 
             |   0.0000   0.0000   0.0000   0.0000   0.0000
             |
      orient |   0.3697*  0.4341*  0.2923*  0.2592*  0.2955*  0.5518*  1.0000 
             |   0.0000   0.0000   0.0000   0.0000   0.0000   0.0000
             |
     lostout |   0.2400*  0.1686*  0.0336   0.1658*  0.3265*  0.3415*  0.3646*
             |   0.0000   0.0033   0.5603   0.0039   0.0000   0.0000   0.0000
             |
      lostin |   0.2775*  0.0563   0.0833   0.1701*  0.1599*  0.3601*  0.2766*
             |   0.0000   0.3298   0.1488   0.0030   0.0053   0.0000   0.0000
             |
      chores |   0.3334*  0.3834*  0.2334*  0.3457*  0.3635*  0.5960*  0.3708*
             |   0.0000   0.0000   0.0000   0.0000   0.0000   0.0000   0.0000
             |
       hobby |   0.4631*  0.3772*  0.3671*  0.4818*  0.4076*  0.5863*  0.2845*
             |   0.0000   0.0000   0.0000   0.0000   0.0000   0.0000   0.0000
             |
       money |   0.5100*  0.4496*  0.3816*  0.3603*  0.3997*  0.6280*  0.3690*
             |   0.0000   0.0000   0.0000   0.0000   0.0000   0.0000   0.0000
             |
      change |   0.4063*  0.3063*  0.2425*  0.3556*  0.3443*  0.4708*  0.2332*
             |   0.0000   0.0000   0.0000   0.0000   0.0000   0.0000   0.0000
             |
      reason |   0.5676*  0.4305*  0.3411*  0.4431*  0.3388*  0.6464*  0.3823*
             |   0.0000   0.0000   0.0000   0.0000   0.0000   0.0000   0.0000
             |
        feed |   0.1759*  0.1433*  0.0871   0.0218   0.1732*  0.1782*  0.0838 
             |   0.0022   0.0127   0.1309   0.7060   0.0025   0.0019   0.1463
             |
       dress |        .        .        .        .        .        .        . 
             |        .        .        .        .        .        .        .
             |
      toilet |   0.2058*  0.2763*  0.3682*  0.1215* -0.0249   0.2864*  0.1938*
             |   0.0003   0.0000   0.0000   0.0348   0.6660   0.0000   0.0007
             |
cuba_CDR_b~y |   0.3901*  0.2912*  0.2123*  0.2589*  0.2814*  0.4588*  0.3491*
             |   0.0000   0.0000   0.0002   0.0000   0.0000   0.0000   0.0000
             |

             |  lostout   lostin   chores    hobby    money   change   reason
-------------+---------------------------------------------------------------
     lostout |   1.0000 
             |
             |
      lostin |   0.5355*  1.0000 
             |   0.0000
             |
      chores |   0.1569*  0.1268*  1.0000 
             |   0.0063   0.0276
             |
       hobby |   0.1260*  0.1804*  0.4821*  1.0000 
             |   0.0286   0.0016   0.0000
             |
       money |   0.2023*  0.2437*  0.3994*  0.5195*  1.0000 
             |   0.0004   0.0000   0.0000   0.0000
             |
      change |   0.2698*  0.3678*  0.2843*  0.4453*  0.4361*  1.0000 
             |   0.0000   0.0000   0.0000   0.0000   0.0000
             |
      reason |   0.3051*  0.2988*  0.4824*  0.4871*  0.5841*  0.3696*  1.0000 
             |   0.0000   0.0000   0.0000   0.0000   0.0000   0.0000
             |
        feed |   0.1353* -0.0090   0.1337*  0.1101   0.3241*  0.0508   0.1956*
             |   0.0186   0.8766   0.0201   0.0561   0.0000   0.3792   0.0006
             |
       dress |        .        .        .        .        .        .        . 
             |        .        .        .        .        .        .        .
             |
      toilet |  -0.0183  -0.0090   0.2178*  0.2299*  0.3545*  0.0067   0.2585*
             |   0.7512   0.8766   0.0001   0.0001   0.0000   0.9075   0.0000
             |
cuba_CDR_b~y |   0.2023*  0.1397*  0.3336*  0.3220*  0.3612*  0.1777*  0.5125*
             |   0.0004   0.0151   0.0000   0.0000   0.0000   0.0019   0.0000
             |

             |     feed    dress   toilet cuba_C~y
-------------+------------------------------------
        feed |   1.0000 
             |
             |
       dress |        .        . 
             |        .
             |
      toilet |   0.1133*       .   1.0000 
             |   0.0493        .
             |
cuba_CDR_b~y |   0.2090*       .   0.1748*  1.0000 
             |   0.0003        .   0.0023
             |

. 
. display _newline(1)



. display "--- Ranked Correlations with CDR (RELSCORE variables) ---"
--- Ranked Correlations with CDR (RELSCORE variables) ---

. display "Variable" _col(25) "Correlation"
Variable                Correlation

. display "------------------------------------------------"
------------------------------------------------

. 
. foreach var of local rel_vars {
  2.     capture quietly corr `var' cuba_CDR_binary
  3.     if _rc == 0 {
  4.         di "`var'" _col(25) %8.4f r(rho)
  5.     }
  6. }
activ                     0.3175
mental                    0.4597
memory                    0.4761
put                       0.3462
kept                      0.3150
frdname                   0.3215
famname                   0.3483
convers                   0.3901
wordfind                  0.2912
wordwrg                   0.2123
past                      0.2589
lastsee                   0.2814
lastday                   0.4588
orient                    0.3491
lostout                   0.2023
lostin                    0.1397
chores                    0.3336
hobby                     0.3220
money                     0.3612
change                    0.1777
reason                    0.5125
feed                      0.2090
dress                          .
toilet                    0.1748

. 
. *-------------------------------------------------------------------------------
. * 2c. CORRELATION - RECALL VARIABLE
. *-------------------------------------------------------------------------------
. display _newline(2)




. display "2c. CORRELATION - RECALL Variable with Dementia"
2c. CORRELATION - RECALL Variable with Dementia

. display "--------------------------------------------------------------------------------"
--------------------------------------------------------------------------------

. 
. pwcorr recall cuba_CDR_binary, sig star(.05)

             |   recall cuba_C~y
-------------+------------------
      recall |   1.0000 
             |
             |
cuba_CDR_b~y |  -0.3199*  1.0000 
             |   0.0000
             |

. 
. *-------------------------------------------------------------------------------
. * 2c2. CORRELATION PLOTS - Visual Display of Correlations with CDR
. *-------------------------------------------------------------------------------
. display _newline(2)




. display "2c2. GENERATING CORRELATION PLOTS"
2c2. GENERATING CORRELATION PLOTS

. display "--------------------------------------------------------------------------------"
--------------------------------------------------------------------------------

. 
. * Create a temporary dataset for COGSCORE component correlations
. preserve

. clear

. input str15 variable corr

            variable       corr
  1. end

. 
. * COGSCORE components
. local cogscore_plot "nametot animtot wordtot1 wordtot2 papertot storytot"

. local n_cog : word count `cogscore_plot'

. 
. * Restore to get correlations, then build plot data
. restore

. preserve

. 
. * Generate correlation values for COGSCORE derived components (6 components)
. tempfile corr_cog

. postfile cog_corr str20 variable double corr using `corr_cog', replace
(file /var/folders/89/6bdxzk2j30v5n3wstywbcpg80000gn/T//S_18351.000003 not found)

. foreach var in nametot animtot wordtot1 wordtot2 papertot storytot {
  2.     capture quietly corr `var' cuba_CDR_binary
  3.     if _rc == 0 {
  4.         post cog_corr ("`var'") (r(rho))
  5.     }
  6. }

. postclose cog_corr

. 
. * Create COGSCORE components correlation bar chart
. use `corr_cog', clear

. gen order = _n

. gen abs_corr = abs(corr)

. 
. graph hbar corr, over(variable, sort(abs_corr) descending label(labsize(small))) ///
>     title("COGSCORE Components: Correlation with CDR", size(medium)) ///
>     ytitle("Correlation Coefficient") ///
>     ylabel(-0.5(0.1)0.1, angle(horizontal)) ///
>     bar(1, color(navy)) ///
>     yline(0, lcolor(black) lwidth(thin)) ///
>     note("Negative correlations = better cognitive score associated with lower dementia probability")

. 
. graph export "$plot_path/cogscore_components_corr_cdr.png", replace width(1200)
file /Users/chrissoria/Documents/Research/1066/CADAS/do/cadas_within/plots/cogscore_components_corr_cdr.png saved as
    PNG format

. display "Saved: cogscore_components_corr_cdr.png"
Saved: cogscore_components_corr_cdr.png

. 
. restore

. preserve

. 
. * Generate correlation values for ALL COGSCORE variables
. * Includes: binary items, derived components, raw scores, learning trials
. tempfile corr_cog_all

. postfile cog_corr_all str20 variable double corr using `corr_cog_all', replace
(file /var/folders/89/6bdxzk2j30v5n3wstywbcpg80000gn/T//S_18351.000005 not found)

. 
. * Binary items (26 items)
. foreach var in pencil watch chair shoes knuckle elbow should bridge hammer pray chemist repeat town chief street store
>  address longmom month day year season nod point circle pentag {
  2.     capture quietly corr `var' cuba_CDR_binary
  3.     if _rc == 0 {
  4.         post cog_corr_all ("`var'") (r(rho))
  5.     }
  6. }

. 
. * Derived components
. foreach var in nametot animtot wordtot1 wordtot2 papertot storytot {
  2.     capture quietly corr `var' cuba_CDR_binary
  3.     if _rc == 0 {
  4.         post cog_corr_all ("`var'") (r(rho))
  5.     }
  6. }

. 
. * Raw cognitive scores
. foreach var in animals wordimm worddel paper story name nrecall {
  2.     capture quietly corr `var' cuba_CDR_binary
  3.     if _rc == 0 {
  4.         post cog_corr_all ("`var'") (r(rho))
  5.     }
  6. }

. 
. * Learning trials and recall
. foreach var in learn1 learn2 learn3 recall {
  2.     capture quietly corr `var' cuba_CDR_binary
  3.     if _rc == 0 {
  4.         post cog_corr_all ("`var'") (r(rho))
  5.     }
  6. }

. 
. postclose cog_corr_all

. 
. * Create ALL cognitive variables correlation bar chart
. use `corr_cog_all', clear

. gen order = _n

. gen abs_corr = abs(corr)

. 
. graph hbar corr, over(variable, sort(abs_corr) descending label(labsize(vsmall))) ///
>     title("All Cognitive Variables: Correlation with CDR", size(medium)) ///
>     ytitle("Correlation Coefficient") ///
>     ylabel(-0.5(0.1)0.1, angle(horizontal)) ///
>     bar(1, color(navy)) ///
>     yline(0, lcolor(black) lwidth(thin)) ///
>     note("Negative correlations = better cognitive performance associated with lower dementia probability", size(vsmal
> l))

. 
. graph export "$plot_path/cogscore_all_vars_corr_cdr.png", replace width(1200) height(1000)
file /Users/chrissoria/Documents/Research/1066/CADAS/do/cadas_within/plots/cogscore_all_vars_corr_cdr.png saved as PNG
    format

. display "Saved: cogscore_all_vars_corr_cdr.png"
Saved: cogscore_all_vars_corr_cdr.png

. 
. restore

. preserve

. 
. * Generate correlation values for RELSCORE components
. tempfile corr_rel

. postfile rel_corr str20 variable double corr using `corr_rel', replace
(file /var/folders/89/6bdxzk2j30v5n3wstywbcpg80000gn/T//S_18351.000007 not found)

. foreach var in activ mental memory put kept frdname famname convers wordfind wordwrg past lastsee lastday orient losto
> ut lostin chores hobby money change reason feed toilet {
  2.     capture quietly corr `var' cuba_CDR_binary
  3.     if _rc == 0 {
  4.         post rel_corr ("`var'") (r(rho))
  5.     }
  6. }

. postclose rel_corr

. 
. * Create RELSCORE correlation bar chart
. use `corr_rel', clear

. gen order = _n

. gen abs_corr = abs(corr)

. 
. graph hbar corr, over(variable, sort(abs_corr) descending label(labsize(vsmall))) ///
>     title("RELSCORE Components: Correlation with CDR", size(medium)) ///
>     ytitle("Correlation Coefficient") ///
>     ylabel(-0.1(0.1)0.6, angle(horizontal)) ///
>     bar(1, color(maroon)) ///
>     yline(0, lcolor(black) lwidth(thin)) ///
>     note("Positive correlations = higher informant concern associated with higher dementia probability")

. 
. graph export "$plot_path/relscore_corr_cdr.png", replace width(1200)
file /Users/chrissoria/Documents/Research/1066/CADAS/do/cadas_within/plots/relscore_corr_cdr.png saved as PNG format

. display "Saved: relscore_corr_cdr.png"
Saved: relscore_corr_cdr.png

. 
. restore

. 
. display "Correlation plots saved to: $plot_path/"
Correlation plots saved to: /Users/chrissoria/Documents/Research/1066/CADAS/do/cadas_within/plots/

. 
. *-------------------------------------------------------------------------------
. * 2d. VARIABLE SELECTION - COGSCORE COMPONENTS
. *-------------------------------------------------------------------------------
. display _newline(2)




. display "2d. VARIABLE SELECTION - Finding Most Predictive COGSCORE Components"
2d. VARIABLE SELECTION - Finding Most Predictive COGSCORE Components

. display "--------------------------------------------------------------------------------"
--------------------------------------------------------------------------------

. 
. * Baseline: Full cogscore
. display _newline(1)



. display "--- Baseline Model: Single COGSCORE ---"
--- Baseline Model: Single COGSCORE ---

. quietly logit cuba_CDR_binary cogscore

. estat ic

Akaike's information criterion and Bayesian information criterion

-----------------------------------------------------------------------------
       Model |          N   ll(null)  ll(model)      df        AIC        BIC
-------------+---------------------------------------------------------------
           . |        298   -158.821  -118.8976       2   241.7951   249.1893
-----------------------------------------------------------------------------
Note: BIC uses N = number of observations. See [R] IC note.

. matrix ic_baseline = r(S)

. predict p_baseline, pr
(4 missing values generated)

. quietly roctab cuba_CDR_binary p_baseline

. local auc_baseline = r(area)

. drop p_baseline

. display "AIC: " %10.2f ic_baseline[1,5] "  BIC: " %10.2f ic_baseline[1,6] "  AUC: " %6.4f `auc_baseline'
AIC:     241.80  BIC:     249.19  AUC: 0.8234

. 
. * Component model: 6 components separately (excluding count for now)
. display _newline(1)



. display "--- Component Model: 6 COGSCORE Components Separately ---"
--- Component Model: 6 COGSCORE Components Separately ---

. quietly logit cuba_CDR_binary nametot animtot wordtot1 wordtot2 papertot storytot

. estat ic

Akaike's information criterion and Bayesian information criterion

-----------------------------------------------------------------------------
       Model |          N   ll(null)  ll(model)      df        AIC        BIC
-------------+---------------------------------------------------------------
           . |        298   -158.821  -117.4642       7   248.9284   274.8081
-----------------------------------------------------------------------------
Note: BIC uses N = number of observations. See [R] IC note.

. matrix ic_components = r(S)

. predict p_components, pr
(4 missing values generated)

. quietly roctab cuba_CDR_binary p_components

. local auc_components = r(area)

. drop p_components

. display "AIC: " %10.2f ic_components[1,5] "  BIC: " %10.2f ic_components[1,6] "  AUC: " %6.4f `auc_components'
AIC:     248.93  BIC:     274.81  AUC: 0.8412

. logit cuba_CDR_binary nametot animtot wordtot1 wordtot2 papertot storytot

Iteration 0:  Log likelihood = -158.82096  
Iteration 1:  Log likelihood = -121.30214  
Iteration 2:  Log likelihood = -117.51304  
Iteration 3:  Log likelihood = -117.46426  
Iteration 4:  Log likelihood = -117.46421  
Iteration 5:  Log likelihood = -117.46421  

Logistic regression                                     Number of obs =    298
                                                        LR chi2(6)    =  82.71
                                                        Prob > chi2   = 0.0000
Log likelihood = -117.46421                             Pseudo R2     = 0.2604

---------------------------------------------------------------------------------
cuba_CDR_binary | Coefficient  Std. err.      z    P>|z|     [95% conf. interval]
----------------+----------------------------------------------------------------
        nametot |  -.2992389   1.357435    -0.22   0.826    -2.959762    2.361284
        animtot |  -4.875094   .9762077    -4.99   0.000    -6.788426   -2.961762
       wordtot1 |   2.245049   2.260496     0.99   0.321    -2.185441    6.675539
       wordtot2 |  -1.665601    .474293    -3.51   0.000    -2.595198   -.7360037
       papertot |  -.3074413    1.07784    -0.29   0.775    -2.419969    1.805086
       storytot |  -.3511585   .8010024    -0.44   0.661    -1.921094    1.218777
          _cons |   1.029738   2.697639     0.38   0.703    -4.257538    6.317014
---------------------------------------------------------------------------------

. 
. * Forward stepwise
. display _newline(1)



. display "--- Forward Stepwise Selection (p<.05 to enter) ---"
--- Forward Stepwise Selection (p<.05 to enter) ---

. display "    Including: binary items, derived components, raw scores, learn trials, refusals"
    Including: binary items, derived components, raw scores, learn trials, refusals

. stepwise, pe(.05): logit cuba_CDR_binary `all_cog_vars'
note: pencil omitted because of estimability.
note: watch omitted because of estimability.
note: chair omitted because of estimability.
note: shoes omitted because of estimability.
note: elbow omitted because of estimability.
note: hammer omitted because of estimability.
note: chemist omitted because of estimability.
note: circle omitted because of estimability.
note: animals omitted because of estimability.
note: wordimm omitted because of estimability.
note: worddel omitted because of estimability.
note: paper omitted because of estimability.
note: o.story_refuse omitted because of estimability.
note: o.story_refuse omitted because of estimability.
note: o.learn1_refuse omitted because of estimability.
note: o.learn2_refuse omitted because of estimability.
note: o.learn3_refuse omitted because of estimability.
note: o.recall_refuse omitted because of estimability.
note: 6 obs omitted because of estimability.

Wald test, begin with empty model:
p = 0.0000 <  0.0500, adding animtot
p = 0.0006 <  0.0500, adding day
p = 0.0165 <  0.0500, adding learn3
p = 0.0371 <  0.0500, adding season

Logistic regression                                     Number of obs =    273
                                                        LR chi2(4)    =  77.98
                                                        Prob > chi2   = 0.0000
Log likelihood = -92.476625                             Pseudo R2     = 0.2966

---------------------------------------------------------------------------------
cuba_CDR_binary | Coefficient  Std. err.      z    P>|z|     [95% conf. interval]
----------------+----------------------------------------------------------------
        animtot |  -4.624754   1.190293    -3.89   0.000    -6.957685   -2.291822
            day |  -1.216435   .5670296    -2.15   0.032    -2.327792   -.1050774
         learn3 |  -.3346547   .1380723    -2.42   0.015    -.6052713    -.064038
         season |  -1.140647    .547272    -2.08   0.037    -2.213281   -.0680138
          _cons |   4.895063   .9249586     5.29   0.000     3.082177    6.707948
---------------------------------------------------------------------------------

. estat ic

Akaike's information criterion and Bayesian information criterion

-----------------------------------------------------------------------------
       Model |          N   ll(null)  ll(model)      df        AIC        BIC
-------------+---------------------------------------------------------------
           . |        273  -131.4683  -92.47663       5   194.9533   213.0006
-----------------------------------------------------------------------------
Note: BIC uses N = number of observations. See [R] IC note.

. matrix ic_forward = r(S)

. predict p_forward, pr
(2 missing values generated)

. quietly roctab cuba_CDR_binary p_forward

. local auc_forward = r(area)

. drop p_forward

. display "AIC: " %10.2f ic_forward[1,5] "  BIC: " %10.2f ic_forward[1,6] "  AUC: " %6.4f `auc_forward'
AIC:     194.95  BIC:     213.00  AUC: 0.8656

. 
. * Backward stepwise
. display _newline(1)



. display "--- Backward Stepwise Selection (p>.10 to remove) ---"
--- Backward Stepwise Selection (p>.10 to remove) ---

. display "    Including: binary items, derived components, raw scores, learn trials, refusals"
    Including: binary items, derived components, raw scores, learn trials, refusals

. stepwise, pr(.10): logit cuba_CDR_binary `all_cog_vars'
note: pencil omitted because of estimability.
note: watch omitted because of estimability.
note: chair omitted because of estimability.
note: shoes omitted because of estimability.
note: elbow omitted because of estimability.
note: hammer omitted because of estimability.
note: chemist omitted because of estimability.
note: circle omitted because of estimability.
note: animals omitted because of estimability.
note: wordimm omitted because of estimability.
note: worddel omitted because of estimability.
note: paper omitted because of estimability.
note: o.story_refuse omitted because of estimability.
note: o.story_refuse omitted because of estimability.
note: o.learn1_refuse omitted because of estimability.
note: o.learn2_refuse omitted because of estimability.
note: o.learn3_refuse omitted because of estimability.
note: o.recall_refuse omitted because of estimability.
note: 6 obs omitted because of estimability.

Wald test, begin with full model:
p = . >= 0.1000,      removing story
p = 0.9954 >= 0.1000, removing nametot
p = 0.8899 >= 0.1000, removing storytot
p = 0.8662 >= 0.1000, removing learn2
p = 0.8389 >= 0.1000, removing papertot
p = 0.8321 >= 0.1000, removing pray
p = 0.8113 >= 0.1000, removing knuckle
p = 0.7830 >= 0.1000, removing town
p = 0.6361 >= 0.1000, removing learn1
p = 0.6106 >= 0.1000, removing chief
p = 0.6188 >= 0.1000, removing bridge
p = 0.5137 >= 0.1000, removing pentag
p = 0.5205 >= 0.1000, removing store
p = 0.5661 >= 0.1000, removing season
p = 0.5072 >= 0.1000, removing wordtot2
p = 0.3841 >= 0.1000, removing nod
p = 0.3237 >= 0.1000, removing name
p = 0.2504 >= 0.1000, removing month
p = 0.2612 >= 0.1000, removing point
p = 0.2475 >= 0.1000, removing learn3
p = 0.2754 >= 0.1000, removing wordtot1
p = 0.3102 >= 0.1000, removing street
p = 0.2237 >= 0.1000, removing year
p = 0.1325 >= 0.1000, removing should

Logistic regression                                     Number of obs =    273
                                                        LR chi2(7)    =  90.05
                                                        Prob > chi2   = 0.0000
Log likelihood = -86.44195                              Pseudo R2     = 0.3425

---------------------------------------------------------------------------------
cuba_CDR_binary | Coefficient  Std. err.      z    P>|z|     [95% conf. interval]
----------------+----------------------------------------------------------------
         recall |  -.4665582   .1690584    -2.76   0.006    -.7979065   -.1352099
        address |  -1.693921   .8385632    -2.02   0.043    -3.337474   -.0503669
        longmom |   3.104613   1.299779     2.39   0.017     .5570934    5.652132
        animtot |  -5.167593   1.263504    -4.09   0.000    -7.644016    -2.69117
         repeat |   -1.00241   .4321382    -2.32   0.020    -1.849385   -.1554348
        nrecall |  -.9761088   .4230386    -2.31   0.021    -1.805249   -.1469685
            day |   -1.29894   .5991462    -2.17   0.030    -2.473245   -.1246355
          _cons |   3.915514   1.199477     3.26   0.001     1.564582    6.266445
---------------------------------------------------------------------------------

. estat ic

Akaike's information criterion and Bayesian information criterion

-----------------------------------------------------------------------------
       Model |          N   ll(null)  ll(model)      df        AIC        BIC
-------------+---------------------------------------------------------------
           . |        273  -131.4683  -86.44195       8   188.8839   217.7597
-----------------------------------------------------------------------------
Note: BIC uses N = number of observations. See [R] IC note.

. matrix ic_backward = r(S)

. predict p_backward, pr
(9 missing values generated)

. quietly roctab cuba_CDR_binary p_backward

. local auc_backward = r(area)

. drop p_backward

. display "AIC: " %10.2f ic_backward[1,5] "  BIC: " %10.2f ic_backward[1,6] "  AUC: " %6.4f `auc_backward'
AIC:     188.88  BIC:     217.76  AUC: 0.8743

. 
. *-------------------------------------------------------------------------------
. * 2e. VARIABLE SELECTION - RELSCORE COMPONENTS
. *-------------------------------------------------------------------------------
. display _newline(2)




. display "2e. VARIABLE SELECTION - Finding Most Predictive RELSCORE Components"
2e. VARIABLE SELECTION - Finding Most Predictive RELSCORE Components

. display "--------------------------------------------------------------------------------"
--------------------------------------------------------------------------------

. 
. * Baseline: Full relscore
. display _newline(1)



. display "--- Baseline Model: Single RELSCORE ---"
--- Baseline Model: Single RELSCORE ---

. quietly logit cuba_CDR_binary relscore

. estat ic

Akaike's information criterion and Bayesian information criterion

-----------------------------------------------------------------------------
       Model |          N   ll(null)  ll(model)      df        AIC        BIC
-------------+---------------------------------------------------------------
           . |        302  -164.7002  -125.9709       2   255.9418   263.3627
-----------------------------------------------------------------------------
Note: BIC uses N = number of observations. See [R] IC note.

. matrix ic_rel_baseline = r(S)

. predict p_rel_baseline, pr

. quietly roctab cuba_CDR_binary p_rel_baseline

. local auc_rel_baseline = r(area)

. drop p_rel_baseline

. display "AIC: " %10.2f ic_rel_baseline[1,5] "  BIC: " %10.2f ic_rel_baseline[1,6] "  AUC: " %6.4f `auc_rel_baseline'
AIC:     255.94  BIC:     263.36  AUC: 0.7994

. 
. * Forward stepwise on RELSCORE components
. display _newline(1)



. display "--- Forward Stepwise Selection on RELSCORE Components ---"
--- Forward Stepwise Selection on RELSCORE Components ---

. stepwise, pe(.05): logit cuba_CDR_binary `rel_vars'
note: lostin omitted because of estimability.
note: feed omitted because of estimability.
note: o.dress omitted because of estimability.
note: 6 obs omitted because of estimability.

Wald test, begin with empty model:
p = 0.0000 <  0.0500, adding reason
p = 0.0034 <  0.0500, adding memory
p = 0.0086 <  0.0500, adding orient
p = 0.0330 <  0.0500, adding put

Logistic regression                                     Number of obs =    296
                                                        LR chi2(4)    =  81.24
                                                        Prob > chi2   = 0.0000
Log likelihood = -115.19441                             Pseudo R2     = 0.2607

---------------------------------------------------------------------------------
cuba_CDR_binary | Coefficient  Std. err.      z    P>|z|     [95% conf. interval]
----------------+----------------------------------------------------------------
         reason |   3.040578   .8584912     3.54   0.000     1.357966     4.72319
         memory |   .8761434   .5041295     1.74   0.082    -.1119322    1.864219
         orient |   4.930571   1.852564     2.66   0.008     1.299613    8.561529
            put |   1.647335   .7725611     2.13   0.033      .133143    3.161527
          _cons |  -2.582112   .3317526    -7.78   0.000    -3.232335   -1.931889
---------------------------------------------------------------------------------

. estat ic

Akaike's information criterion and Bayesian information criterion

-----------------------------------------------------------------------------
       Model |          N   ll(null)  ll(model)      df        AIC        BIC
-------------+---------------------------------------------------------------
           . |        296  -155.8127  -115.1944       5   240.3888   258.8406
-----------------------------------------------------------------------------
Note: BIC uses N = number of observations. See [R] IC note.

. matrix ic_rel_forward = r(S)

. predict p_rel_forward, pr

. quietly roctab cuba_CDR_binary p_rel_forward

. local auc_rel_forward = r(area)

. drop p_rel_forward

. display "AIC: " %10.2f ic_rel_forward[1,5] "  BIC: " %10.2f ic_rel_forward[1,6] "  AUC: " %6.4f `auc_rel_forward'
AIC:     240.39  BIC:     258.84  AUC: 0.8035

. 
. *-------------------------------------------------------------------------------
. * 2f. FEATURE IMPORTANCE - Individual Variable Predictive Power
. *-------------------------------------------------------------------------------
. display _newline(2)




. display "2f. FEATURE IMPORTANCE - Individual Variable Predictive Power"
2f. FEATURE IMPORTANCE - Individual Variable Predictive Power

. display "--------------------------------------------------------------------------------"
--------------------------------------------------------------------------------

. display _newline(1)



. display "Variable" _col(20) "AUC" _col(30) "Pseudo-R2" _col(45) "Coef" _col(60) "p-value"
Variable           AUC       Pseudo-R2      Coef           p-value

. display "------------------------------------------------------------------------"
------------------------------------------------------------------------

. 
. display "--- COGSCORE Derived Components ---"
--- COGSCORE Derived Components ---

. foreach var in nametot animtot wordtot1 wordtot2 papertot storytot {
  2.     capture quietly logit cuba_CDR_binary `var'
  3.     if _rc == 0 {
  4.         local pr2 = e(r2_p)
  5.         local coef = _b[`var']
  6.         local pval = 2*normal(-abs(_b[`var']/_se[`var']))
  7.         capture quietly predict p_temp, pr
  8.         capture quietly roctab cuba_CDR_binary p_temp
  9.         local auc = r(area)
 10.         capture drop p_temp
 11.         di "`var'" _col(20) %6.4f `auc' _col(30) %8.4f `pr2' _col(45) %8.4f `coef' _col(60) %8.4f `pval'
 12.     }
 13.     else {
 14.         di "`var'" _col(20) "  --  " _col(30) "   --   " _col(45) "   --   " _col(60) "(model failed)"
 15.     }
 16. }
nametot            0.5168      0.0094        -1.6197         0.0794
animtot            0.8065      0.2249        -6.2700         0.0000
wordtot1           0.5145      0.0003        -0.4546         0.7440
wordtot2           0.7522      0.1491        -2.5955         0.0000
papertot           0.5346      0.0084        -1.3744         0.0883
storytot           0.6486      0.0651        -2.7678         0.0000

. 
. display "--- Raw Cognitive Scores ---"
--- Raw Cognitive Scores ---

. foreach var in animals wordimm worddel paper story name nrecall {
  2.     capture quietly logit cuba_CDR_binary `var'
  3.     if _rc == 0 {
  4.         local pr2 = e(r2_p)
  5.         local coef = _b[`var']
  6.         local pval = 2*normal(-abs(_b[`var']/_se[`var']))
  7.         capture quietly predict p_temp, pr
  8.         capture quietly roctab cuba_CDR_binary p_temp
  9.         local auc = r(area)
 10.         capture drop p_temp
 11.         di "`var'" _col(20) %6.4f `auc' _col(30) %8.4f `pr2' _col(45) %8.4f `coef' _col(60) %8.4f `pval'
 12.     }
 13.     else {
 14.         di "`var'" _col(20) "  --  " _col(30) "   --   " _col(45) "   --   " _col(60) "(model failed)"
 15.     }
 16. }
animals            0.8065      0.2249        -0.2726         0.0000
wordimm            0.5145      0.0003        -0.1515         0.7440
worddel            0.7522      0.1491        -0.8652         0.0000
paper              0.5346      0.0084        -0.4581         0.0883
story              0.6486      0.0651        -0.4613         0.0000
name               0.5146      0.0061        -1.2098         0.1440
nrecall            0.6897      0.1058        -1.6826         0.0000

. 
. display "--- Learning Trials & Recall ---"
--- Learning Trials & Recall ---

. foreach var in learn1 learn2 learn3 recall {
  2.     capture quietly logit cuba_CDR_binary `var'
  3.     if _rc == 0 {
  4.         local pr2 = e(r2_p)
  5.         local coef = _b[`var']
  6.         local pval = 2*normal(-abs(_b[`var']/_se[`var']))
  7.         capture quietly predict p_temp, pr
  8.         capture quietly roctab cuba_CDR_binary p_temp
  9.         local auc = r(area)
 10.         capture drop p_temp
 11.         di "`var'" _col(20) %6.4f `auc' _col(30) %8.4f `pr2' _col(45) %8.4f `coef' _col(60) %8.4f `pval'
 12.     }
 13.     else {
 14.         di "`var'" _col(20) "  --  " _col(30) "   --   " _col(45) "   --   " _col(60) "(model failed)"
 15.     }
 16. }
learn1             0.6765      0.0762        -0.5876         0.0000
learn2             0.7345      0.1148        -0.6202         0.0000
learn3             0.7967      0.1868        -0.7204         0.0000
recall             0.7181      0.1055        -0.5616         0.0000

. 
. display "--- Refusal Indicators ---"
--- Refusal Indicators ---

. foreach var in story_refuse learn1_refuse learn2_refuse learn3_refuse recall_refuse {
  2.     capture quietly logit cuba_CDR_binary `var'
  3.     if _rc == 0 {
  4.         local pr2 = e(r2_p)
  5.         local coef = _b[`var']
  6.         local pval = 2*normal(-abs(_b[`var']/_se[`var']))
  7.         capture quietly predict p_temp, pr
  8.         capture quietly roctab cuba_CDR_binary p_temp
  9.         local auc = r(area)
 10.         capture drop p_temp
 11.         di "`var'" _col(20) %6.4f `auc' _col(30) %8.4f `pr2' _col(45) %8.4f `coef' _col(60) %8.4f `pval'
 12.     }
 13.     else {
 14.         di "`var'" _col(20) "  --  " _col(30) "   --   " _col(45) "   --   " _col(60) "(model failed)"
 15.     }
 16. }
story_refuse       0.5000      0.0000         0.0000              .
learn1_refuse      0.5000     -0.0000         0.0000              .
learn2_refuse      0.5000      0.0000         0.0000              .
learn3_refuse      0.5000      0.0000         0.0000              .
recall_refuse      0.5000      0.0000         0.0000              .

. 
. display "--- Select Binary Items (highest expected correlations) ---"
--- Select Binary Items (highest expected correlations) ---

. foreach var in month day year season longmom orient address street {
  2.     capture quietly logit cuba_CDR_binary `var'
  3.     if _rc == 0 {
  4.         local pr2 = e(r2_p)
  5.         local coef = _b[`var']
  6.         local pval = 2*normal(-abs(_b[`var']/_se[`var']))
  7.         capture quietly predict p_temp, pr
  8.         capture quietly roctab cuba_CDR_binary p_temp
  9.         local auc = r(area)
 10.         capture drop p_temp
 11.         di "`var'" _col(20) %6.4f `auc' _col(30) %8.4f `pr2' _col(45) %8.4f `coef' _col(60) %8.4f `pval'
 12.     }
 13.     else {
 14.         di "`var'" _col(20) "  --  " _col(30) "   --   " _col(45) "   --   " _col(60) "(model failed)"
 15.     }
 16. }
month              0.6214      0.0927        -2.2694         0.0000
day                0.6495      0.1259        -2.5334         0.0000
year               0.6902      0.1621        -2.5647         0.0000
season             0.6290      0.0920        -2.1034         0.0000
longmom            0.5406      0.0254        -1.8257         0.0045
orient             0.5944      0.0978         6.3967         0.0000
address            0.5890      0.0713        -2.4069         0.0000
street             0.5818      0.0634        -2.3151         0.0000

. 
. display "------------------------------------------------------------------------"
------------------------------------------------------------------------

. 
. display "--- RELSCORE Components (all items) ---"
--- RELSCORE Components (all items) ---

. foreach var in activ mental memory put kept frdname famname convers wordfind wordwrg past lastsee lastday orient losto
> ut lostin chores hobby money change reason feed dress toilet {
  2.     capture quietly logit cuba_CDR_binary `var'
  3.     if _rc == 0 {
  4.         local pr2 = e(r2_p)
  5.         local coef = _b[`var']
  6.         local pval = 2*normal(-abs(_b[`var']/_se[`var']))
  7.         capture quietly predict p_temp, pr
  8.         capture quietly roctab cuba_CDR_binary p_temp
  9.         local auc = r(area)
 10.         capture drop p_temp
 11.         di "`var'" _col(20) %6.4f `auc' _col(30) %8.4f `pr2' _col(45) %8.4f `coef' _col(60) %8.4f `pval'
 12.     }
 13.     else {
 14.         di "`var'" _col(20) "  --  " _col(30) "   --   " _col(45) "   --   " _col(60) "(model failed)"
 15.     }
 16. }
activ              0.6512      0.0825         1.6094         0.0000
mental             0.6777      0.1619         2.7765         0.0000
memory             0.7070      0.1775         2.5827         0.0000
put                0.6887      0.1174         3.4640         0.0000
kept               0.6509      0.0839         2.5529         0.0000
frdname            0.6415      0.0844         2.6914         0.0000
famname            0.6075      0.0946         4.5723         0.0000
convers            0.6872      0.1252         3.4251         0.0000
wordfind           0.5919      0.0653         3.5447         0.0000
wordwrg            0.5508      0.0343         3.2156         0.0017
past               0.6378      0.0570         1.9236         0.0000
lastsee            0.5779      0.0611         4.1538         0.0003
lastday            0.6694      0.1695         5.3452         0.0000
orient             0.5944      0.0978         6.3967         0.0000
lostout            0.5380      0.0313         4.4634         0.0062
lostin             0.5000      0.0000         0.0000              .
chores             0.6084      0.0861         3.9785         0.0000
hobby              0.6376      0.0823         1.7540         0.0000
money              0.6408      0.1007         3.0518         0.0000
change             0.5640      0.0251         2.1299         0.0036
reason             0.7401      0.2145         4.9016         0.0000
feed               0.5000      0.0000         0.0000              .
dress              0.5000      0.0000         0.0000              .
toilet             0.5261      0.0252         2.1063         0.0517

. 
. display "------------------------------------------------------------------------"
------------------------------------------------------------------------

. 
. *-------------------------------------------------------------------------------
. * 2g. MODEL COMPARISON SUMMARY
. *-------------------------------------------------------------------------------
. display _newline(2)




. display "2g. MODEL COMPARISON SUMMARY"
2g. MODEL COMPARISON SUMMARY

. display "--------------------------------------------------------------------------------"
--------------------------------------------------------------------------------

. display _newline(1)



. display "Model" _col(40) "AIC" _col(55) "BIC" _col(70) "AUC"
Model                                  AIC            BIC            AUC

. display "------------------------------------------------------------------------"
------------------------------------------------------------------------

. display "COGSCORE (single)" _col(40) %10.2f ic_baseline[1,5] _col(55) %10.2f ic_baseline[1,6] _col(70) %6.4f `auc_base
> line'
COGSCORE (single)                          241.80         249.19     0.8234

. display "COGSCORE (6 components)" _col(40) %10.2f ic_components[1,5] _col(55) %10.2f ic_components[1,6] _col(70) %6.4f
>  `auc_components'
COGSCORE (6 components)                    248.93         274.81     0.8412

. display "COGSCORE (forward stepwise)" _col(40) %10.2f ic_forward[1,5] _col(55) %10.2f ic_forward[1,6] _col(70) %6.4f `
> auc_forward'
COGSCORE (forward stepwise)                194.95         213.00     0.8656

. display "COGSCORE (backward stepwise)" _col(40) %10.2f ic_backward[1,5] _col(55) %10.2f ic_backward[1,6] _col(70) %6.4
> f `auc_backward'
COGSCORE (backward stepwise)               188.88         217.76     0.8743

. display "RELSCORE (single)" _col(40) %10.2f ic_rel_baseline[1,5] _col(55) %10.2f ic_rel_baseline[1,6] _col(70) %6.4f `
> auc_rel_baseline'
RELSCORE (single)                          255.94         263.36     0.7994

. display "RELSCORE (forward stepwise)" _col(40) %10.2f ic_rel_forward[1,5] _col(55) %10.2f ic_rel_forward[1,6] _col(70)
>  %6.4f `auc_rel_forward'
RELSCORE (forward stepwise)                240.39         258.84     0.8035

. display "------------------------------------------------------------------------"
------------------------------------------------------------------------

. 
. display _newline(2)




. display "--------------------------------------------------------------------------------"
--------------------------------------------------------------------------------

. display "STEP 2 INTERPRETATION:"
STEP 2 INTERPRETATION:

. display "--------------------------------------------------------------------------------"
--------------------------------------------------------------------------------

. display "Compare AIC (lower is better) and AUC (higher is better) across models."
Compare AIC (lower is better) and AUC (higher is better) across models.

. display "If component models outperform single composite scores, consider using"
If component models outperform single composite scores, consider using

. display "selected components rather than the full cogscore/relscore in final model."
selected components rather than the full cogscore/relscore in final model.

. display "--------------------------------------------------------------------------------"
--------------------------------------------------------------------------------

. display _newline(2)




. 
. log close step2
      name:  step2
       log:  /Users/chrissoria/Documents/Research/1066/CADAS/do/cadas_within/logs/step2_varselect.log
  log type:  text
 closed on:  28 Dec 2025, 23:49:10
------------------------------------------------------------------------------------------------------------------------
